[ORIG AXIOMS] 236
[ORIG Variables] 177
<axiom> pre=[66=0 80=2 62=0 ] -> 81=0
<axiom> pre=[66=0 80=2 31=0 ] -> 81=0
<axiom> pre=[66=0 80=2 63=0 ] -> 81=0
<axiom> pre=[66=0 80=2 64=0 ] -> 81=0
<axiom> pre=[66=0 80=2 79=1 ] -> 81=0
<axiom> pre=[66=1 80=2 61=0 ] -> 86=0
<axiom> pre=[66=1 80=2 31=0 ] -> 86=0
<axiom> pre=[66=1 80=2 63=0 ] -> 86=0
<axiom> pre=[66=1 80=2 64=0 ] -> 86=0
<axiom> pre=[66=1 80=2 79=1 ] -> 86=0
<axiom> pre=[66=2 80=2 61=0 ] -> 85=0
<axiom> pre=[66=2 80=2 62=0 ] -> 85=0
<axiom> pre=[66=2 80=2 31=0 ] -> 85=0
<axiom> pre=[66=2 80=2 64=0 ] -> 85=0
<axiom> pre=[66=2 80=2 79=1 ] -> 85=0
<axiom> pre=[66=3 80=2 61=0 ] -> 83=0
<axiom> pre=[66=3 80=2 62=0 ] -> 83=0
<axiom> pre=[66=3 80=2 31=0 ] -> 83=0
<axiom> pre=[66=3 80=2 63=0 ] -> 83=0
<axiom> pre=[66=3 80=2 79=1 ] -> 83=0
<axiom> pre=[66=4 23=2 16=0 ] -> 173=0
<axiom> pre=[66=4 23=2 22=1 ] -> 173=0
<axiom> pre=[66=5 23=2 22=0 ] -> 170=0
<axiom> pre=[66=6 78=2 77=0 ] -> 113=0
<axiom> pre=[66=7 78=2 77=0 ] -> 110=0
<axiom> pre=[66=8 78=2 77=0 ] -> 108=0
<axiom> pre=[66=9 78=2 77=0 ] -> 106=0
<axiom> pre=[68=0 76=2 54=0 ] -> 126=0
<axiom> pre=[68=0 76=2 29=0 ] -> 126=0
<axiom> pre=[68=0 76=2 55=0 ] -> 126=0
<axiom> pre=[68=0 76=2 56=0 ] -> 126=0
<axiom> pre=[68=0 76=2 75=1 ] -> 126=0
<axiom> pre=[68=1 76=2 53=0 ] -> 132=0
<axiom> pre=[68=1 76=2 29=0 ] -> 132=0
<axiom> pre=[68=1 76=2 55=0 ] -> 132=0
<axiom> pre=[68=1 76=2 56=0 ] -> 132=0
<axiom> pre=[68=1 76=2 75=1 ] -> 132=0
<axiom> pre=[68=2 76=2 53=0 ] -> 130=0
<axiom> pre=[68=2 76=2 54=0 ] -> 130=0
<axiom> pre=[68=2 76=2 29=0 ] -> 130=0
<axiom> pre=[68=2 76=2 56=0 ] -> 130=0
<axiom> pre=[68=2 76=2 75=1 ] -> 130=0
<axiom> pre=[68=3 76=2 53=0 ] -> 128=0
<axiom> pre=[68=3 76=2 54=0 ] -> 128=0
<axiom> pre=[68=3 76=2 29=0 ] -> 128=0
<axiom> pre=[68=3 76=2 55=0 ] -> 128=0
<axiom> pre=[68=3 76=2 75=1 ] -> 128=0
<axiom> pre=[68=4 27=2 17=0 ] -> 123=0
<axiom> pre=[68=4 27=2 26=1 ] -> 123=0
<axiom> pre=[68=5 27=2 26=0 ] -> 121=0
<axiom> pre=[68=6 74=2 73=0 ] -> 159=0
<axiom> pre=[68=7 74=2 73=0 ] -> 156=0
<axiom> pre=[68=8 74=2 73=0 ] -> 154=0
<axiom> pre=[68=9 74=2 73=0 ] -> 152=0
<axiom> pre=[70=0 76=2 75=0 ] -> 142=0
<axiom> pre=[70=1 76=2 75=0 ] -> 139=0
<axiom> pre=[70=2 76=2 75=0 ] -> 137=0
<axiom> pre=[70=3 76=2 75=0 ] -> 135=0
<axiom> pre=[70=4 23=2 16=0 ] -> 166=0
<axiom> pre=[70=4 23=2 22=1 ] -> 166=0
<axiom> pre=[70=5 23=2 22=0 ] -> 163=0
<axiom> pre=[70=6 74=2 50=0 ] -> 150=0
<axiom> pre=[70=6 74=2 28=0 ] -> 150=0
<axiom> pre=[70=6 74=2 51=0 ] -> 150=0
<axiom> pre=[70=6 74=2 52=0 ] -> 150=0
<axiom> pre=[70=6 74=2 73=1 ] -> 150=0
<axiom> pre=[70=7 74=2 49=0 ] -> 147=0
<axiom> pre=[70=7 74=2 28=0 ] -> 147=0
<axiom> pre=[70=7 74=2 51=0 ] -> 147=0
<axiom> pre=[70=7 74=2 52=0 ] -> 147=0
<axiom> pre=[70=7 74=2 73=1 ] -> 147=0
<axiom> pre=[70=8 74=2 49=0 ] -> 146=0
<axiom> pre=[70=8 74=2 50=0 ] -> 146=0
<axiom> pre=[70=8 74=2 28=0 ] -> 146=0
<axiom> pre=[70=8 74=2 52=0 ] -> 146=0
<axiom> pre=[70=8 74=2 73=1 ] -> 146=0
<axiom> pre=[70=9 74=2 49=0 ] -> 144=0
<axiom> pre=[70=9 74=2 50=0 ] -> 144=0
<axiom> pre=[70=9 74=2 28=0 ] -> 144=0
<axiom> pre=[70=9 74=2 51=0 ] -> 144=0
<axiom> pre=[70=9 74=2 73=1 ] -> 144=0
<axiom> pre=[72=0 80=2 79=0 ] -> 96=0
<axiom> pre=[72=1 80=2 79=0 ] -> 93=0
<axiom> pre=[72=2 80=2 79=0 ] -> 91=0
<axiom> pre=[72=3 80=2 79=0 ] -> 89=0
<axiom> pre=[72=4 27=2 17=0 ] -> 118=0
<axiom> pre=[72=4 27=2 26=1 ] -> 118=0
<axiom> pre=[72=5 27=2 26=0 ] -> 115=0
<axiom> pre=[72=6 78=2 58=0 ] -> 104=0
<axiom> pre=[72=6 78=2 30=0 ] -> 104=0
<axiom> pre=[72=6 78=2 59=0 ] -> 104=0
<axiom> pre=[72=6 78=2 60=0 ] -> 104=0
<axiom> pre=[72=6 78=2 77=1 ] -> 104=0
<axiom> pre=[72=7 78=2 57=0 ] -> 101=0
<axiom> pre=[72=7 78=2 30=0 ] -> 101=0
<axiom> pre=[72=7 78=2 59=0 ] -> 101=0
<axiom> pre=[72=7 78=2 60=0 ] -> 101=0
<axiom> pre=[72=7 78=2 77=1 ] -> 101=0
<axiom> pre=[72=8 78=2 57=0 ] -> 100=0
<axiom> pre=[72=8 78=2 58=0 ] -> 100=0
<axiom> pre=[72=8 78=2 30=0 ] -> 100=0
<axiom> pre=[72=8 78=2 60=0 ] -> 100=0
<axiom> pre=[72=8 78=2 77=1 ] -> 100=0
<axiom> pre=[72=9 78=2 57=0 ] -> 98=0
<axiom> pre=[72=9 78=2 58=0 ] -> 98=0
<axiom> pre=[72=9 78=2 30=0 ] -> 98=0
<axiom> pre=[72=9 78=2 59=0 ] -> 98=0
<axiom> pre=[72=9 78=2 77=1 ] -> 98=0
<axiom> pre=[80=0 ] -> 32=0
<axiom> pre=[80=1 ] -> 32=0
<axiom> pre=[76=0 ] -> 32=0
<axiom> pre=[76=1 ] -> 32=0
<axiom> pre=[23=0 ] -> 32=0
<axiom> pre=[23=1 ] -> 32=0
<axiom> pre=[27=0 ] -> 32=0
<axiom> pre=[27=1 ] -> 32=0
<axiom> pre=[78=0 ] -> 32=0
<axiom> pre=[78=1 ] -> 32=0
<axiom> pre=[74=0 ] -> 32=0
<axiom> pre=[74=1 ] -> 32=0
<axiom> pre=[65=0 107=1 ] -> 176=0
<axiom> pre=[65=1 175=1 ] -> 176=0
<axiom> pre=[65=2 109=1 ] -> 176=0
<axiom> pre=[65=3 82=1 ] -> 176=0
<axiom> pre=[65=4 88=1 ] -> 176=0
<axiom> pre=[65=5 172=1 ] -> 176=0
<axiom> pre=[65=6 112=1 ] -> 176=0
<axiom> pre=[65=7 84=1 ] -> 176=0
<axiom> pre=[65=8 174=1 ] -> 176=0
<axiom> pre=[65=9 171=1 ] -> 176=0
<axiom> pre=[65=10 114=1 ] -> 176=0
<axiom> pre=[65=11 111=1 ] -> 176=0
<axiom> pre=[65=12 87=1 ] -> 176=0
<axiom> pre=[67=0 153=1 ] -> 162=0
<axiom> pre=[67=1 125=1 ] -> 162=0
<axiom> pre=[67=2 155=1 ] -> 162=0
<axiom> pre=[67=3 127=1 ] -> 162=0
<axiom> pre=[67=4 134=1 ] -> 162=0
<axiom> pre=[67=5 122=1 ] -> 162=0
<axiom> pre=[67=6 158=1 ] -> 162=0
<axiom> pre=[67=7 129=1 ] -> 162=0
<axiom> pre=[67=8 124=1 ] -> 162=0
<axiom> pre=[67=9 131=1 ] -> 162=0
<axiom> pre=[67=10 160=1 ] -> 162=0
<axiom> pre=[67=11 157=1 ] -> 162=0
<axiom> pre=[67=12 133=1 ] -> 162=0
<axiom> pre=[69=0 136=1 ] -> 169=0
<axiom> pre=[69=1 168=1 ] -> 169=0
<axiom> pre=[69=2 138=1 ] -> 169=0
<axiom> pre=[69=3 151=1 ] -> 169=0
<axiom> pre=[69=4 149=1 ] -> 169=0
<axiom> pre=[69=5 165=1 ] -> 169=0
<axiom> pre=[69=6 141=1 ] -> 169=0
<axiom> pre=[69=7 145=1 ] -> 169=0
<axiom> pre=[69=8 167=1 ] -> 169=0
<axiom> pre=[69=9 164=1 ] -> 169=0
<axiom> pre=[69=10 143=1 ] -> 169=0
<axiom> pre=[69=11 140=1 ] -> 169=0
<axiom> pre=[69=12 148=1 ] -> 169=0
<axiom> pre=[71=0 90=1 ] -> 161=0
<axiom> pre=[71=1 120=1 ] -> 161=0
<axiom> pre=[71=2 92=1 ] -> 161=0
<axiom> pre=[71=3 105=1 ] -> 161=0
<axiom> pre=[71=4 103=1 ] -> 161=0
<axiom> pre=[71=5 117=1 ] -> 161=0
<axiom> pre=[71=6 95=1 ] -> 161=0
<axiom> pre=[71=7 99=1 ] -> 161=0
<axiom> pre=[71=8 119=1 ] -> 161=0
<axiom> pre=[71=9 116=1 ] -> 161=0
<axiom> pre=[71=10 97=1 ] -> 161=0
<axiom> pre=[71=11 94=1 ] -> 161=0
<axiom> pre=[71=12 102=1 ] -> 161=0
<axiom> pre=[81=1 ] -> 82=0
<axiom> pre=[86=1 ] -> 88=0
<axiom> pre=[86=1 ] -> 87=0
<axiom> pre=[85=1 ] -> 171=0
<axiom> pre=[83=1 ] -> 84=0
<axiom> pre=[83=1 ] -> 87=0
<axiom> pre=[173=1 ] -> 175=0
<axiom> pre=[173=1 ] -> 174=0
<axiom> pre=[170=1 ] -> 172=0
<axiom> pre=[170=1 ] -> 171=0
<axiom> pre=[113=1 ] -> 114=0
<axiom> pre=[110=1 ] -> 112=0
<axiom> pre=[110=1 ] -> 111=0
<axiom> pre=[108=1 ] -> 109=0
<axiom> pre=[106=1 ] -> 107=0
<axiom> pre=[106=1 ] -> 112=0
<axiom> pre=[126=1 ] -> 127=0
<axiom> pre=[132=1 ] -> 134=0
<axiom> pre=[132=1 ] -> 133=0
<axiom> pre=[130=1 ] -> 131=0
<axiom> pre=[128=1 ] -> 129=0
<axiom> pre=[128=1 ] -> 133=0
<axiom> pre=[123=1 ] -> 125=0
<axiom> pre=[123=1 ] -> 124=0
<axiom> pre=[121=1 ] -> 122=0
<axiom> pre=[121=1 ] -> 131=0
<axiom> pre=[159=1 ] -> 160=0
<axiom> pre=[156=1 ] -> 158=0
<axiom> pre=[156=1 ] -> 157=0
<axiom> pre=[154=1 ] -> 155=0
<axiom> pre=[152=1 ] -> 153=0
<axiom> pre=[152=1 ] -> 158=0
<axiom> pre=[142=1 ] -> 143=0
<axiom> pre=[139=1 ] -> 141=0
<axiom> pre=[139=1 ] -> 140=0
<axiom> pre=[137=1 ] -> 138=0
<axiom> pre=[135=1 ] -> 136=0
<axiom> pre=[135=1 ] -> 141=0
<axiom> pre=[166=1 ] -> 168=0
<axiom> pre=[166=1 ] -> 167=0
<axiom> pre=[163=1 ] -> 165=0
<axiom> pre=[163=1 ] -> 164=0
<axiom> pre=[150=1 ] -> 151=0
<axiom> pre=[147=1 ] -> 149=0
<axiom> pre=[147=1 ] -> 148=0
<axiom> pre=[146=1 ] -> 164=0
<axiom> pre=[144=1 ] -> 145=0
<axiom> pre=[144=1 ] -> 148=0
<axiom> pre=[96=1 ] -> 97=0
<axiom> pre=[93=1 ] -> 95=0
<axiom> pre=[93=1 ] -> 94=0
<axiom> pre=[91=1 ] -> 92=0
<axiom> pre=[89=1 ] -> 90=0
<axiom> pre=[89=1 ] -> 95=0
<axiom> pre=[118=1 ] -> 120=0
<axiom> pre=[118=1 ] -> 119=0
<axiom> pre=[115=1 ] -> 117=0
<axiom> pre=[115=1 ] -> 116=0
<axiom> pre=[104=1 ] -> 105=0
<axiom> pre=[101=1 ] -> 103=0
<axiom> pre=[101=1 ] -> 102=0
<axiom> pre=[100=1 ] -> 116=0
<axiom> pre=[98=1 ] -> 99=0
<axiom> pre=[98=1 ] -> 102=0
[ENCODE AXIOM] pre=[62=0 66=0 80=2 ] -> 81=0
  [DEBUG] Created auxiliary var 177=1
  [DEBUG] New aux 177=1 for (66=0,80=2)
    [DEBUG] Remaining lits: 62=0 177=1
  [DEBUG] encode_recursive: reached <=2 literals, stop
  [DEBUG] Final axiom: 62=0 177=1 -> 81=0
[ENCODE AXIOM] pre=[31=0 66=0 80=2 ] -> 81=0
  [DEBUG] Reusing aux 177=1 for (66=0,80=2)
    [DEBUG] Remaining lits: 31=0 177=1
  [DEBUG] encode_recursive: reached <=2 literals, stop
  [DEBUG] Final axiom: 31=0 177=1 -> 81=0
[ENCODE AXIOM] pre=[63=0 66=0 80=2 ] -> 81=0
  [DEBUG] Reusing aux 177=1 for (66=0,80=2)
    [DEBUG] Remaining lits: 63=0 177=1
  [DEBUG] encode_recursive: reached <=2 literals, stop
  [DEBUG] Final axiom: 63=0 177=1 -> 81=0
[ENCODE AXIOM] pre=[64=0 66=0 80=2 ] -> 81=0
  [DEBUG] Reusing aux 177=1 for (66=0,80=2)
    [DEBUG] Remaining lits: 64=0 177=1
  [DEBUG] encode_recursive: reached <=2 literals, stop
  [DEBUG] Final axiom: 64=0 177=1 -> 81=0
[ENCODE AXIOM] pre=[66=0 79=1 80=2 ] -> 81=0
  [DEBUG] Created auxiliary var 178=1
  [DEBUG] New aux 178=1 for (79=1,80=2)
    [DEBUG] Remaining lits: 66=0 178=1
  [DEBUG] encode_recursive: reached <=2 literals, stop
  [DEBUG] Final axiom: 66=0 178=1 -> 81=0
[ENCODE AXIOM] pre=[61=0 66=1 80=2 ] -> 86=0
  [DEBUG] Created auxiliary var 179=1
  [DEBUG] New aux 179=1 for (66=1,80=2)
    [DEBUG] Remaining lits: 61=0 179=1
  [DEBUG] encode_recursive: reached <=2 literals, stop
  [DEBUG] Final axiom: 61=0 179=1 -> 86=0
[ENCODE AXIOM] pre=[31=0 66=1 80=2 ] -> 86=0
  [DEBUG] Reusing aux 179=1 for (66=1,80=2)
    [DEBUG] Remaining lits: 31=0 179=1
  [DEBUG] encode_recursive: reached <=2 literals, stop
  [DEBUG] Final axiom: 31=0 179=1 -> 86=0
[ENCODE AXIOM] pre=[63=0 66=1 80=2 ] -> 86=0
  [DEBUG] Reusing aux 179=1 for (66=1,80=2)
    [DEBUG] Remaining lits: 63=0 179=1
  [DEBUG] encode_recursive: reached <=2 literals, stop
  [DEBUG] Final axiom: 63=0 179=1 -> 86=0
[ENCODE AXIOM] pre=[64=0 66=1 80=2 ] -> 86=0
  [DEBUG] Reusing aux 179=1 for (66=1,80=2)
    [DEBUG] Remaining lits: 64=0 179=1
  [DEBUG] encode_recursive: reached <=2 literals, stop
  [DEBUG] Final axiom: 64=0 179=1 -> 86=0
[ENCODE AXIOM] pre=[66=1 79=1 80=2 ] -> 86=0
  [DEBUG] Reusing aux 178=1 for (79=1,80=2)
    [DEBUG] Remaining lits: 66=1 178=1
  [DEBUG] encode_recursive: reached <=2 literals, stop
  [DEBUG] Final axiom: 66=1 178=1 -> 86=0
[ENCODE AXIOM] pre=[61=0 66=2 80=2 ] -> 85=0
  [DEBUG] Created auxiliary var 180=1
  [DEBUG] New aux 180=1 for (66=2,80=2)
    [DEBUG] Remaining lits: 61=0 180=1
  [DEBUG] encode_recursive: reached <=2 literals, stop
  [DEBUG] Final axiom: 61=0 180=1 -> 85=0
[ENCODE AXIOM] pre=[62=0 66=2 80=2 ] -> 85=0
  [DEBUG] Reusing aux 180=1 for (66=2,80=2)
    [DEBUG] Remaining lits: 62=0 180=1
  [DEBUG] encode_recursive: reached <=2 literals, stop
  [DEBUG] Final axiom: 62=0 180=1 -> 85=0
[ENCODE AXIOM] pre=[31=0 66=2 80=2 ] -> 85=0
  [DEBUG] Reusing aux 180=1 for (66=2,80=2)
    [DEBUG] Remaining lits: 31=0 180=1
  [DEBUG] encode_recursive: reached <=2 literals, stop
  [DEBUG] Final axiom: 31=0 180=1 -> 85=0
[ENCODE AXIOM] pre=[64=0 66=2 80=2 ] -> 85=0
  [DEBUG] Reusing aux 180=1 for (66=2,80=2)
    [DEBUG] Remaining lits: 64=0 180=1
  [DEBUG] encode_recursive: reached <=2 literals, stop
  [DEBUG] Final axiom: 64=0 180=1 -> 85=0
[ENCODE AXIOM] pre=[66=2 79=1 80=2 ] -> 85=0
  [DEBUG] Reusing aux 178=1 for (79=1,80=2)
    [DEBUG] Remaining lits: 66=2 178=1
  [DEBUG] encode_recursive: reached <=2 literals, stop
  [DEBUG] Final axiom: 66=2 178=1 -> 85=0
[ENCODE AXIOM] pre=[61=0 66=3 80=2 ] -> 83=0
  [DEBUG] Created auxiliary var 181=1
  [DEBUG] New aux 181=1 for (66=3,80=2)
    [DEBUG] Remaining lits: 61=0 181=1
  [DEBUG] encode_recursive: reached <=2 literals, stop
  [DEBUG] Final axiom: 61=0 181=1 -> 83=0
[ENCODE AXIOM] pre=[62=0 66=3 80=2 ] -> 83=0
  [DEBUG] Reusing aux 181=1 for (66=3,80=2)
    [DEBUG] Remaining lits: 62=0 181=1
  [DEBUG] encode_recursive: reached <=2 literals, stop
  [DEBUG] Final axiom: 62=0 181=1 -> 83=0
[ENCODE AXIOM] pre=[31=0 66=3 80=2 ] -> 83=0
  [DEBUG] Reusing aux 181=1 for (66=3,80=2)
    [DEBUG] Remaining lits: 31=0 181=1
  [DEBUG] encode_recursive: reached <=2 literals, stop
  [DEBUG] Final axiom: 31=0 181=1 -> 83=0
[ENCODE AXIOM] pre=[63=0 66=3 80=2 ] -> 83=0
  [DEBUG] Reusing aux 181=1 for (66=3,80=2)
    [DEBUG] Remaining lits: 63=0 181=1
  [DEBUG] encode_recursive: reached <=2 literals, stop
  [DEBUG] Final axiom: 63=0 181=1 -> 83=0
[ENCODE AXIOM] pre=[66=3 79=1 80=2 ] -> 83=0
  [DEBUG] Reusing aux 178=1 for (79=1,80=2)
    [DEBUG] Remaining lits: 66=3 178=1
  [DEBUG] encode_recursive: reached <=2 literals, stop
  [DEBUG] Final axiom: 66=3 178=1 -> 83=0
[ENCODE AXIOM] pre=[16=0 23=2 66=4 ] -> 173=0
  [DEBUG] Created auxiliary var 182=1
  [DEBUG] New aux 182=1 for (23=2,66=4)
    [DEBUG] Remaining lits: 16=0 182=1
  [DEBUG] encode_recursive: reached <=2 literals, stop
  [DEBUG] Final axiom: 16=0 182=1 -> 173=0
[ENCODE AXIOM] pre=[22=1 23=2 66=4 ] -> 173=0
  [DEBUG] Reusing aux 182=1 for (23=2,66=4)
    [DEBUG] Remaining lits: 22=1 182=1
  [DEBUG] encode_recursive: reached <=2 literals, stop
  [DEBUG] Final axiom: 22=1 182=1 -> 173=0
[ENCODE AXIOM] pre=[22=0 23=2 66=5 ] -> 170=0
  [DEBUG] Created auxiliary var 183=1
  [DEBUG] New aux 183=1 for (23=2,66=5)
    [DEBUG] Remaining lits: 22=0 183=1
  [DEBUG] encode_recursive: reached <=2 literals, stop
  [DEBUG] Final axiom: 22=0 183=1 -> 170=0
[ENCODE AXIOM] pre=[66=6 77=0 78=2 ] -> 113=0
  [DEBUG] Created auxiliary var 184=1
  [DEBUG] New aux 184=1 for (77=0,78=2)
    [DEBUG] Remaining lits: 66=6 184=1
  [DEBUG] encode_recursive: reached <=2 literals, stop
  [DEBUG] Final axiom: 66=6 184=1 -> 113=0
[ENCODE AXIOM] pre=[66=7 77=0 78=2 ] -> 110=0
  [DEBUG] Reusing aux 184=1 for (77=0,78=2)
    [DEBUG] Remaining lits: 66=7 184=1
  [DEBUG] encode_recursive: reached <=2 literals, stop
  [DEBUG] Final axiom: 66=7 184=1 -> 110=0
[ENCODE AXIOM] pre=[66=8 77=0 78=2 ] -> 108=0
  [DEBUG] Reusing aux 184=1 for (77=0,78=2)
    [DEBUG] Remaining lits: 66=8 184=1
  [DEBUG] encode_recursive: reached <=2 literals, stop
  [DEBUG] Final axiom: 66=8 184=1 -> 108=0
[ENCODE AXIOM] pre=[66=9 77=0 78=2 ] -> 106=0
  [DEBUG] Reusing aux 184=1 for (77=0,78=2)
    [DEBUG] Remaining lits: 66=9 184=1
  [DEBUG] encode_recursive: reached <=2 literals, stop
  [DEBUG] Final axiom: 66=9 184=1 -> 106=0
[ENCODE AXIOM] pre=[54=0 68=0 76=2 ] -> 126=0
  [DEBUG] Created auxiliary var 185=1
  [DEBUG] New aux 185=1 for (68=0,76=2)
    [DEBUG] Remaining lits: 54=0 185=1
  [DEBUG] encode_recursive: reached <=2 literals, stop
  [DEBUG] Final axiom: 54=0 185=1 -> 126=0
[ENCODE AXIOM] pre=[29=0 68=0 76=2 ] -> 126=0
  [DEBUG] Reusing aux 185=1 for (68=0,76=2)
    [DEBUG] Remaining lits: 29=0 185=1
  [DEBUG] encode_recursive: reached <=2 literals, stop
  [DEBUG] Final axiom: 29=0 185=1 -> 126=0
[ENCODE AXIOM] pre=[55=0 68=0 76=2 ] -> 126=0
  [DEBUG] Reusing aux 185=1 for (68=0,76=2)
    [DEBUG] Remaining lits: 55=0 185=1
  [DEBUG] encode_recursive: reached <=2 literals, stop
  [DEBUG] Final axiom: 55=0 185=1 -> 126=0
[ENCODE AXIOM] pre=[56=0 68=0 76=2 ] -> 126=0
  [DEBUG] Reusing aux 185=1 for (68=0,76=2)
    [DEBUG] Remaining lits: 56=0 185=1
  [DEBUG] encode_recursive: reached <=2 literals, stop
  [DEBUG] Final axiom: 56=0 185=1 -> 126=0
[ENCODE AXIOM] pre=[68=0 75=1 76=2 ] -> 126=0
  [DEBUG] Created auxiliary var 186=1
  [DEBUG] New aux 186=1 for (75=1,76=2)
    [DEBUG] Remaining lits: 68=0 186=1
  [DEBUG] encode_recursive: reached <=2 literals, stop
  [DEBUG] Final axiom: 68=0 186=1 -> 126=0
[ENCODE AXIOM] pre=[53=0 68=1 76=2 ] -> 132=0
  [DEBUG] Created auxiliary var 187=1
  [DEBUG] New aux 187=1 for (68=1,76=2)
    [DEBUG] Remaining lits: 53=0 187=1
  [DEBUG] encode_recursive: reached <=2 literals, stop
  [DEBUG] Final axiom: 53=0 187=1 -> 132=0
[ENCODE AXIOM] pre=[29=0 68=1 76=2 ] -> 132=0
  [DEBUG] Reusing aux 187=1 for (68=1,76=2)
    [DEBUG] Remaining lits: 29=0 187=1
  [DEBUG] encode_recursive: reached <=2 literals, stop
  [DEBUG] Final axiom: 29=0 187=1 -> 132=0
[ENCODE AXIOM] pre=[55=0 68=1 76=2 ] -> 132=0
  [DEBUG] Reusing aux 187=1 for (68=1,76=2)
    [DEBUG] Remaining lits: 55=0 187=1
  [DEBUG] encode_recursive: reached <=2 literals, stop
  [DEBUG] Final axiom: 55=0 187=1 -> 132=0
[ENCODE AXIOM] pre=[56=0 68=1 76=2 ] -> 132=0
  [DEBUG] Reusing aux 187=1 for (68=1,76=2)
    [DEBUG] Remaining lits: 56=0 187=1
  [DEBUG] encode_recursive: reached <=2 literals, stop
  [DEBUG] Final axiom: 56=0 187=1 -> 132=0
[ENCODE AXIOM] pre=[68=1 75=1 76=2 ] -> 132=0
  [DEBUG] Reusing aux 186=1 for (75=1,76=2)
    [DEBUG] Remaining lits: 68=1 186=1
  [DEBUG] encode_recursive: reached <=2 literals, stop
  [DEBUG] Final axiom: 68=1 186=1 -> 132=0
[ENCODE AXIOM] pre=[53=0 68=2 76=2 ] -> 130=0
  [DEBUG] Created auxiliary var 188=1
  [DEBUG] New aux 188=1 for (68=2,76=2)
    [DEBUG] Remaining lits: 53=0 188=1
  [DEBUG] encode_recursive: reached <=2 literals, stop
  [DEBUG] Final axiom: 53=0 188=1 -> 130=0
[ENCODE AXIOM] pre=[54=0 68=2 76=2 ] -> 130=0
  [DEBUG] Reusing aux 188=1 for (68=2,76=2)
    [DEBUG] Remaining lits: 54=0 188=1
  [DEBUG] encode_recursive: reached <=2 literals, stop
  [DEBUG] Final axiom: 54=0 188=1 -> 130=0
[ENCODE AXIOM] pre=[29=0 68=2 76=2 ] -> 130=0
  [DEBUG] Reusing aux 188=1 for (68=2,76=2)
    [DEBUG] Remaining lits: 29=0 188=1
  [DEBUG] encode_recursive: reached <=2 literals, stop
  [DEBUG] Final axiom: 29=0 188=1 -> 130=0
[ENCODE AXIOM] pre=[56=0 68=2 76=2 ] -> 130=0
  [DEBUG] Reusing aux 188=1 for (68=2,76=2)
    [DEBUG] Remaining lits: 56=0 188=1
  [DEBUG] encode_recursive: reached <=2 literals, stop
  [DEBUG] Final axiom: 56=0 188=1 -> 130=0
[ENCODE AXIOM] pre=[68=2 75=1 76=2 ] -> 130=0
  [DEBUG] Reusing aux 186=1 for (75=1,76=2)
    [DEBUG] Remaining lits: 68=2 186=1
  [DEBUG] encode_recursive: reached <=2 literals, stop
  [DEBUG] Final axiom: 68=2 186=1 -> 130=0
[ENCODE AXIOM] pre=[53=0 68=3 76=2 ] -> 128=0
  [DEBUG] Created auxiliary var 189=1
  [DEBUG] New aux 189=1 for (68=3,76=2)
    [DEBUG] Remaining lits: 53=0 189=1
  [DEBUG] encode_recursive: reached <=2 literals, stop
  [DEBUG] Final axiom: 53=0 189=1 -> 128=0
[ENCODE AXIOM] pre=[54=0 68=3 76=2 ] -> 128=0
  [DEBUG] Reusing aux 189=1 for (68=3,76=2)
    [DEBUG] Remaining lits: 54=0 189=1
  [DEBUG] encode_recursive: reached <=2 literals, stop
  [DEBUG] Final axiom: 54=0 189=1 -> 128=0
[ENCODE AXIOM] pre=[29=0 68=3 76=2 ] -> 128=0
  [DEBUG] Reusing aux 189=1 for (68=3,76=2)
    [DEBUG] Remaining lits: 29=0 189=1
  [DEBUG] encode_recursive: reached <=2 literals, stop
  [DEBUG] Final axiom: 29=0 189=1 -> 128=0
[ENCODE AXIOM] pre=[55=0 68=3 76=2 ] -> 128=0
  [DEBUG] Reusing aux 189=1 for (68=3,76=2)
    [DEBUG] Remaining lits: 55=0 189=1
  [DEBUG] encode_recursive: reached <=2 literals, stop
  [DEBUG] Final axiom: 55=0 189=1 -> 128=0
[ENCODE AXIOM] pre=[68=3 75=1 76=2 ] -> 128=0
  [DEBUG] Reusing aux 186=1 for (75=1,76=2)
    [DEBUG] Remaining lits: 68=3 186=1
  [DEBUG] encode_recursive: reached <=2 literals, stop
  [DEBUG] Final axiom: 68=3 186=1 -> 128=0
[ENCODE AXIOM] pre=[17=0 27=2 68=4 ] -> 123=0
  [DEBUG] Created auxiliary var 190=1
  [DEBUG] New aux 190=1 for (27=2,68=4)
    [DEBUG] Remaining lits: 17=0 190=1
  [DEBUG] encode_recursive: reached <=2 literals, stop
  [DEBUG] Final axiom: 17=0 190=1 -> 123=0
[ENCODE AXIOM] pre=[26=1 27=2 68=4 ] -> 123=0
  [DEBUG] Reusing aux 190=1 for (27=2,68=4)
    [DEBUG] Remaining lits: 26=1 190=1
  [DEBUG] encode_recursive: reached <=2 literals, stop
  [DEBUG] Final axiom: 26=1 190=1 -> 123=0
[ENCODE AXIOM] pre=[26=0 27=2 68=5 ] -> 121=0
  [DEBUG] Created auxiliary var 191=1
  [DEBUG] New aux 191=1 for (27=2,68=5)
    [DEBUG] Remaining lits: 26=0 191=1
  [DEBUG] encode_recursive: reached <=2 literals, stop
  [DEBUG] Final axiom: 26=0 191=1 -> 121=0
[ENCODE AXIOM] pre=[68=6 73=0 74=2 ] -> 159=0
  [DEBUG] Created auxiliary var 192=1
  [DEBUG] New aux 192=1 for (73=0,74=2)
    [DEBUG] Remaining lits: 68=6 192=1
  [DEBUG] encode_recursive: reached <=2 literals, stop
  [DEBUG] Final axiom: 68=6 192=1 -> 159=0
[ENCODE AXIOM] pre=[68=7 73=0 74=2 ] -> 156=0
  [DEBUG] Reusing aux 192=1 for (73=0,74=2)
    [DEBUG] Remaining lits: 68=7 192=1
  [DEBUG] encode_recursive: reached <=2 literals, stop
  [DEBUG] Final axiom: 68=7 192=1 -> 156=0
[ENCODE AXIOM] pre=[68=8 73=0 74=2 ] -> 154=0
  [DEBUG] Reusing aux 192=1 for (73=0,74=2)
    [DEBUG] Remaining lits: 68=8 192=1
  [DEBUG] encode_recursive: reached <=2 literals, stop
  [DEBUG] Final axiom: 68=8 192=1 -> 154=0
[ENCODE AXIOM] pre=[68=9 73=0 74=2 ] -> 152=0
  [DEBUG] Reusing aux 192=1 for (73=0,74=2)
    [DEBUG] Remaining lits: 68=9 192=1
  [DEBUG] encode_recursive: reached <=2 literals, stop
  [DEBUG] Final axiom: 68=9 192=1 -> 152=0
[ENCODE AXIOM] pre=[70=0 75=0 76=2 ] -> 142=0
  [DEBUG] Created auxiliary var 193=1
  [DEBUG] New aux 193=1 for (75=0,76=2)
    [DEBUG] Remaining lits: 70=0 193=1
  [DEBUG] encode_recursive: reached <=2 literals, stop
  [DEBUG] Final axiom: 70=0 193=1 -> 142=0
[ENCODE AXIOM] pre=[70=1 75=0 76=2 ] -> 139=0
  [DEBUG] Reusing aux 193=1 for (75=0,76=2)
    [DEBUG] Remaining lits: 70=1 193=1
  [DEBUG] encode_recursive: reached <=2 literals, stop
  [DEBUG] Final axiom: 70=1 193=1 -> 139=0
[ENCODE AXIOM] pre=[70=2 75=0 76=2 ] -> 137=0
  [DEBUG] Reusing aux 193=1 for (75=0,76=2)
    [DEBUG] Remaining lits: 70=2 193=1
  [DEBUG] encode_recursive: reached <=2 literals, stop
  [DEBUG] Final axiom: 70=2 193=1 -> 137=0
[ENCODE AXIOM] pre=[70=3 75=0 76=2 ] -> 135=0
  [DEBUG] Reusing aux 193=1 for (75=0,76=2)
    [DEBUG] Remaining lits: 70=3 193=1
  [DEBUG] encode_recursive: reached <=2 literals, stop
  [DEBUG] Final axiom: 70=3 193=1 -> 135=0
[ENCODE AXIOM] pre=[16=0 23=2 70=4 ] -> 166=0
  [DEBUG] Created auxiliary var 194=1
  [DEBUG] New aux 194=1 for (23=2,70=4)
    [DEBUG] Remaining lits: 16=0 194=1
  [DEBUG] encode_recursive: reached <=2 literals, stop
  [DEBUG] Final axiom: 16=0 194=1 -> 166=0
[ENCODE AXIOM] pre=[22=1 23=2 70=4 ] -> 166=0
  [DEBUG] Reusing aux 194=1 for (23=2,70=4)
    [DEBUG] Remaining lits: 22=1 194=1
  [DEBUG] encode_recursive: reached <=2 literals, stop
  [DEBUG] Final axiom: 22=1 194=1 -> 166=0
[ENCODE AXIOM] pre=[22=0 23=2 70=5 ] -> 163=0
  [DEBUG] Created auxiliary var 195=1
  [DEBUG] New aux 195=1 for (23=2,70=5)
    [DEBUG] Remaining lits: 22=0 195=1
  [DEBUG] encode_recursive: reached <=2 literals, stop
  [DEBUG] Final axiom: 22=0 195=1 -> 163=0
[ENCODE AXIOM] pre=[50=0 70=6 74=2 ] -> 150=0
  [DEBUG] Created auxiliary var 196=1
  [DEBUG] New aux 196=1 for (70=6,74=2)
    [DEBUG] Remaining lits: 50=0 196=1
  [DEBUG] encode_recursive: reached <=2 literals, stop
  [DEBUG] Final axiom: 50=0 196=1 -> 150=0
[ENCODE AXIOM] pre=[28=0 70=6 74=2 ] -> 150=0
  [DEBUG] Reusing aux 196=1 for (70=6,74=2)
    [DEBUG] Remaining lits: 28=0 196=1
  [DEBUG] encode_recursive: reached <=2 literals, stop
  [DEBUG] Final axiom: 28=0 196=1 -> 150=0
[ENCODE AXIOM] pre=[51=0 70=6 74=2 ] -> 150=0
  [DEBUG] Reusing aux 196=1 for (70=6,74=2)
    [DEBUG] Remaining lits: 51=0 196=1
  [DEBUG] encode_recursive: reached <=2 literals, stop
  [DEBUG] Final axiom: 51=0 196=1 -> 150=0
[ENCODE AXIOM] pre=[52=0 70=6 74=2 ] -> 150=0
  [DEBUG] Reusing aux 196=1 for (70=6,74=2)
    [DEBUG] Remaining lits: 52=0 196=1
  [DEBUG] encode_recursive: reached <=2 literals, stop
  [DEBUG] Final axiom: 52=0 196=1 -> 150=0
[ENCODE AXIOM] pre=[70=6 73=1 74=2 ] -> 150=0
  [DEBUG] Created auxiliary var 197=1
  [DEBUG] New aux 197=1 for (73=1,74=2)
    [DEBUG] Remaining lits: 70=6 197=1
  [DEBUG] encode_recursive: reached <=2 literals, stop
  [DEBUG] Final axiom: 70=6 197=1 -> 150=0
[ENCODE AXIOM] pre=[49=0 70=7 74=2 ] -> 147=0
  [DEBUG] Created auxiliary var 198=1
  [DEBUG] New aux 198=1 for (70=7,74=2)
    [DEBUG] Remaining lits: 49=0 198=1
  [DEBUG] encode_recursive: reached <=2 literals, stop
  [DEBUG] Final axiom: 49=0 198=1 -> 147=0
[ENCODE AXIOM] pre=[28=0 70=7 74=2 ] -> 147=0
  [DEBUG] Reusing aux 198=1 for (70=7,74=2)
    [DEBUG] Remaining lits: 28=0 198=1
  [DEBUG] encode_recursive: reached <=2 literals, stop
  [DEBUG] Final axiom: 28=0 198=1 -> 147=0
[ENCODE AXIOM] pre=[51=0 70=7 74=2 ] -> 147=0
  [DEBUG] Reusing aux 198=1 for (70=7,74=2)
    [DEBUG] Remaining lits: 51=0 198=1
  [DEBUG] encode_recursive: reached <=2 literals, stop
  [DEBUG] Final axiom: 51=0 198=1 -> 147=0
[ENCODE AXIOM] pre=[52=0 70=7 74=2 ] -> 147=0
  [DEBUG] Reusing aux 198=1 for (70=7,74=2)
    [DEBUG] Remaining lits: 52=0 198=1
  [DEBUG] encode_recursive: reached <=2 literals, stop
  [DEBUG] Final axiom: 52=0 198=1 -> 147=0
[ENCODE AXIOM] pre=[70=7 73=1 74=2 ] -> 147=0
  [DEBUG] Reusing aux 197=1 for (73=1,74=2)
    [DEBUG] Remaining lits: 70=7 197=1
  [DEBUG] encode_recursive: reached <=2 literals, stop
  [DEBUG] Final axiom: 70=7 197=1 -> 147=0
[ENCODE AXIOM] pre=[49=0 70=8 74=2 ] -> 146=0
  [DEBUG] Created auxiliary var 199=1
  [DEBUG] New aux 199=1 for (70=8,74=2)
    [DEBUG] Remaining lits: 49=0 199=1
  [DEBUG] encode_recursive: reached <=2 literals, stop
  [DEBUG] Final axiom: 49=0 199=1 -> 146=0
[ENCODE AXIOM] pre=[50=0 70=8 74=2 ] -> 146=0
  [DEBUG] Reusing aux 199=1 for (70=8,74=2)
    [DEBUG] Remaining lits: 50=0 199=1
  [DEBUG] encode_recursive: reached <=2 literals, stop
  [DEBUG] Final axiom: 50=0 199=1 -> 146=0
[ENCODE AXIOM] pre=[28=0 70=8 74=2 ] -> 146=0
  [DEBUG] Reusing aux 199=1 for (70=8,74=2)
    [DEBUG] Remaining lits: 28=0 199=1
  [DEBUG] encode_recursive: reached <=2 literals, stop
  [DEBUG] Final axiom: 28=0 199=1 -> 146=0
[ENCODE AXIOM] pre=[52=0 70=8 74=2 ] -> 146=0
  [DEBUG] Reusing aux 199=1 for (70=8,74=2)
    [DEBUG] Remaining lits: 52=0 199=1
  [DEBUG] encode_recursive: reached <=2 literals, stop
  [DEBUG] Final axiom: 52=0 199=1 -> 146=0
[ENCODE AXIOM] pre=[70=8 73=1 74=2 ] -> 146=0
  [DEBUG] Reusing aux 197=1 for (73=1,74=2)
    [DEBUG] Remaining lits: 70=8 197=1
  [DEBUG] encode_recursive: reached <=2 literals, stop
  [DEBUG] Final axiom: 70=8 197=1 -> 146=0
[ENCODE AXIOM] pre=[49=0 70=9 74=2 ] -> 144=0
  [DEBUG] Created auxiliary var 200=1
  [DEBUG] New aux 200=1 for (70=9,74=2)
    [DEBUG] Remaining lits: 49=0 200=1
  [DEBUG] encode_recursive: reached <=2 literals, stop
  [DEBUG] Final axiom: 49=0 200=1 -> 144=0
[ENCODE AXIOM] pre=[50=0 70=9 74=2 ] -> 144=0
  [DEBUG] Reusing aux 200=1 for (70=9,74=2)
    [DEBUG] Remaining lits: 50=0 200=1
  [DEBUG] encode_recursive: reached <=2 literals, stop
  [DEBUG] Final axiom: 50=0 200=1 -> 144=0
[ENCODE AXIOM] pre=[28=0 70=9 74=2 ] -> 144=0
  [DEBUG] Reusing aux 200=1 for (70=9,74=2)
    [DEBUG] Remaining lits: 28=0 200=1
  [DEBUG] encode_recursive: reached <=2 literals, stop
  [DEBUG] Final axiom: 28=0 200=1 -> 144=0
[ENCODE AXIOM] pre=[51=0 70=9 74=2 ] -> 144=0
  [DEBUG] Reusing aux 200=1 for (70=9,74=2)
    [DEBUG] Remaining lits: 51=0 200=1
  [DEBUG] encode_recursive: reached <=2 literals, stop
  [DEBUG] Final axiom: 51=0 200=1 -> 144=0
[ENCODE AXIOM] pre=[70=9 73=1 74=2 ] -> 144=0
  [DEBUG] Reusing aux 197=1 for (73=1,74=2)
    [DEBUG] Remaining lits: 70=9 197=1
  [DEBUG] encode_recursive: reached <=2 literals, stop
  [DEBUG] Final axiom: 70=9 197=1 -> 144=0
[ENCODE AXIOM] pre=[72=0 79=0 80=2 ] -> 96=0
  [DEBUG] Created auxiliary var 201=1
  [DEBUG] New aux 201=1 for (79=0,80=2)
    [DEBUG] Remaining lits: 72=0 201=1
  [DEBUG] encode_recursive: reached <=2 literals, stop
  [DEBUG] Final axiom: 72=0 201=1 -> 96=0
[ENCODE AXIOM] pre=[72=1 79=0 80=2 ] -> 93=0
  [DEBUG] Reusing aux 201=1 for (79=0,80=2)
    [DEBUG] Remaining lits: 72=1 201=1
  [DEBUG] encode_recursive: reached <=2 literals, stop
  [DEBUG] Final axiom: 72=1 201=1 -> 93=0
[ENCODE AXIOM] pre=[72=2 79=0 80=2 ] -> 91=0
  [DEBUG] Reusing aux 201=1 for (79=0,80=2)
    [DEBUG] Remaining lits: 72=2 201=1
  [DEBUG] encode_recursive: reached <=2 literals, stop
  [DEBUG] Final axiom: 72=2 201=1 -> 91=0
[ENCODE AXIOM] pre=[72=3 79=0 80=2 ] -> 89=0
  [DEBUG] Reusing aux 201=1 for (79=0,80=2)
    [DEBUG] Remaining lits: 72=3 201=1
  [DEBUG] encode_recursive: reached <=2 literals, stop
  [DEBUG] Final axiom: 72=3 201=1 -> 89=0
[ENCODE AXIOM] pre=[17=0 27=2 72=4 ] -> 118=0
  [DEBUG] Created auxiliary var 202=1
  [DEBUG] New aux 202=1 for (27=2,72=4)
    [DEBUG] Remaining lits: 17=0 202=1
  [DEBUG] encode_recursive: reached <=2 literals, stop
  [DEBUG] Final axiom: 17=0 202=1 -> 118=0
[ENCODE AXIOM] pre=[26=1 27=2 72=4 ] -> 118=0
  [DEBUG] Reusing aux 202=1 for (27=2,72=4)
    [DEBUG] Remaining lits: 26=1 202=1
  [DEBUG] encode_recursive: reached <=2 literals, stop
  [DEBUG] Final axiom: 26=1 202=1 -> 118=0
[ENCODE AXIOM] pre=[26=0 27=2 72=5 ] -> 115=0
  [DEBUG] Created auxiliary var 203=1
  [DEBUG] New aux 203=1 for (27=2,72=5)
    [DEBUG] Remaining lits: 26=0 203=1
  [DEBUG] encode_recursive: reached <=2 literals, stop
  [DEBUG] Final axiom: 26=0 203=1 -> 115=0
[ENCODE AXIOM] pre=[58=0 72=6 78=2 ] -> 104=0
  [DEBUG] Created auxiliary var 204=1
  [DEBUG] New aux 204=1 for (72=6,78=2)
    [DEBUG] Remaining lits: 58=0 204=1
  [DEBUG] encode_recursive: reached <=2 literals, stop
  [DEBUG] Final axiom: 58=0 204=1 -> 104=0
[ENCODE AXIOM] pre=[30=0 72=6 78=2 ] -> 104=0
  [DEBUG] Reusing aux 204=1 for (72=6,78=2)
    [DEBUG] Remaining lits: 30=0 204=1
  [DEBUG] encode_recursive: reached <=2 literals, stop
  [DEBUG] Final axiom: 30=0 204=1 -> 104=0
[ENCODE AXIOM] pre=[59=0 72=6 78=2 ] -> 104=0
  [DEBUG] Reusing aux 204=1 for (72=6,78=2)
    [DEBUG] Remaining lits: 59=0 204=1
  [DEBUG] encode_recursive: reached <=2 literals, stop
  [DEBUG] Final axiom: 59=0 204=1 -> 104=0
[ENCODE AXIOM] pre=[60=0 72=6 78=2 ] -> 104=0
  [DEBUG] Reusing aux 204=1 for (72=6,78=2)
    [DEBUG] Remaining lits: 60=0 204=1
  [DEBUG] encode_recursive: reached <=2 literals, stop
  [DEBUG] Final axiom: 60=0 204=1 -> 104=0
[ENCODE AXIOM] pre=[72=6 77=1 78=2 ] -> 104=0
  [DEBUG] Created auxiliary var 205=1
  [DEBUG] New aux 205=1 for (77=1,78=2)
    [DEBUG] Remaining lits: 72=6 205=1
  [DEBUG] encode_recursive: reached <=2 literals, stop
  [DEBUG] Final axiom: 72=6 205=1 -> 104=0
[ENCODE AXIOM] pre=[57=0 72=7 78=2 ] -> 101=0
  [DEBUG] Created auxiliary var 206=1
  [DEBUG] New aux 206=1 for (72=7,78=2)
    [DEBUG] Remaining lits: 57=0 206=1
  [DEBUG] encode_recursive: reached <=2 literals, stop
  [DEBUG] Final axiom: 57=0 206=1 -> 101=0
[ENCODE AXIOM] pre=[30=0 72=7 78=2 ] -> 101=0
  [DEBUG] Reusing aux 206=1 for (72=7,78=2)
    [DEBUG] Remaining lits: 30=0 206=1
  [DEBUG] encode_recursive: reached <=2 literals, stop
  [DEBUG] Final axiom: 30=0 206=1 -> 101=0
[ENCODE AXIOM] pre=[59=0 72=7 78=2 ] -> 101=0
  [DEBUG] Reusing aux 206=1 for (72=7,78=2)
    [DEBUG] Remaining lits: 59=0 206=1
  [DEBUG] encode_recursive: reached <=2 literals, stop
  [DEBUG] Final axiom: 59=0 206=1 -> 101=0
[ENCODE AXIOM] pre=[60=0 72=7 78=2 ] -> 101=0
  [DEBUG] Reusing aux 206=1 for (72=7,78=2)
    [DEBUG] Remaining lits: 60=0 206=1
  [DEBUG] encode_recursive: reached <=2 literals, stop
  [DEBUG] Final axiom: 60=0 206=1 -> 101=0
[ENCODE AXIOM] pre=[72=7 77=1 78=2 ] -> 101=0
  [DEBUG] Reusing aux 205=1 for (77=1,78=2)
    [DEBUG] Remaining lits: 72=7 205=1
  [DEBUG] encode_recursive: reached <=2 literals, stop
  [DEBUG] Final axiom: 72=7 205=1 -> 101=0
[ENCODE AXIOM] pre=[57=0 72=8 78=2 ] -> 100=0
  [DEBUG] Created auxiliary var 207=1
  [DEBUG] New aux 207=1 for (72=8,78=2)
    [DEBUG] Remaining lits: 57=0 207=1
  [DEBUG] encode_recursive: reached <=2 literals, stop
  [DEBUG] Final axiom: 57=0 207=1 -> 100=0
[ENCODE AXIOM] pre=[58=0 72=8 78=2 ] -> 100=0
  [DEBUG] Reusing aux 207=1 for (72=8,78=2)
    [DEBUG] Remaining lits: 58=0 207=1
  [DEBUG] encode_recursive: reached <=2 literals, stop
  [DEBUG] Final axiom: 58=0 207=1 -> 100=0
[ENCODE AXIOM] pre=[30=0 72=8 78=2 ] -> 100=0
  [DEBUG] Reusing aux 207=1 for (72=8,78=2)
    [DEBUG] Remaining lits: 30=0 207=1
  [DEBUG] encode_recursive: reached <=2 literals, stop
  [DEBUG] Final axiom: 30=0 207=1 -> 100=0
[ENCODE AXIOM] pre=[60=0 72=8 78=2 ] -> 100=0
  [DEBUG] Reusing aux 207=1 for (72=8,78=2)
    [DEBUG] Remaining lits: 60=0 207=1
  [DEBUG] encode_recursive: reached <=2 literals, stop
  [DEBUG] Final axiom: 60=0 207=1 -> 100=0
[ENCODE AXIOM] pre=[72=8 77=1 78=2 ] -> 100=0
  [DEBUG] Reusing aux 205=1 for (77=1,78=2)
    [DEBUG] Remaining lits: 72=8 205=1
  [DEBUG] encode_recursive: reached <=2 literals, stop
  [DEBUG] Final axiom: 72=8 205=1 -> 100=0
[ENCODE AXIOM] pre=[57=0 72=9 78=2 ] -> 98=0
  [DEBUG] Created auxiliary var 208=1
  [DEBUG] New aux 208=1 for (72=9,78=2)
    [DEBUG] Remaining lits: 57=0 208=1
  [DEBUG] encode_recursive: reached <=2 literals, stop
  [DEBUG] Final axiom: 57=0 208=1 -> 98=0
[ENCODE AXIOM] pre=[58=0 72=9 78=2 ] -> 98=0
  [DEBUG] Reusing aux 208=1 for (72=9,78=2)
    [DEBUG] Remaining lits: 58=0 208=1
  [DEBUG] encode_recursive: reached <=2 literals, stop
  [DEBUG] Final axiom: 58=0 208=1 -> 98=0
[ENCODE AXIOM] pre=[30=0 72=9 78=2 ] -> 98=0
  [DEBUG] Reusing aux 208=1 for (72=9,78=2)
    [DEBUG] Remaining lits: 30=0 208=1
  [DEBUG] encode_recursive: reached <=2 literals, stop
  [DEBUG] Final axiom: 30=0 208=1 -> 98=0
[ENCODE AXIOM] pre=[59=0 72=9 78=2 ] -> 98=0
  [DEBUG] Reusing aux 208=1 for (72=9,78=2)
    [DEBUG] Remaining lits: 59=0 208=1
  [DEBUG] encode_recursive: reached <=2 literals, stop
  [DEBUG] Final axiom: 59=0 208=1 -> 98=0
[ENCODE AXIOM] pre=[72=9 77=1 78=2 ] -> 98=0
  [DEBUG] Reusing aux 205=1 for (77=1,78=2)
    [DEBUG] Remaining lits: 72=9 205=1
  [DEBUG] encode_recursive: reached <=2 literals, stop
  [DEBUG] Final axiom: 72=9 205=1 -> 98=0
[NEW AXIOMS] 268  aux_vars=32
